Microchip MPLAB XC8 Compiler V2.32

Linker command line:

-W-3 --edf=C:\Program Files\Microchip\xc8\v2.32\pic\dat\en_msgs.txt -cn \
  -h+dist/default/production\Microwave_oven.X.production.sym \
  --cmf=dist/default/production\Microwave_oven.X.production.cmf -z \
  -Q16F877A -oC:\Users\kiran\AppData\Local\Temp\xcAsp0k.4 \
  --defsym=__MPLAB_BUILD=1 \
  -Mdist/default/production/Microwave_oven.X.production.map -E1 \
  -ver=XC8 Compiler --acfsm=1493 -ASTACK=0110h-016Fh -pstack=STACK \
  -ACODE=00h-07FFhx4 -ASTRCODE=00h-01FFFh -ASTRING=00h-0FFhx32 \
  -ACONST=00h-0FFhx32 -AENTRY=00h-0FFhx32 -ACOMMON=070h-07Fh \
  -ABANK0=020h-06Fh -ABANK1=0A0h-0EFh -ABANK2=0110h-016Fh \
  -ABANK3=0190h-01EFh -ARAM=020h-06Fh,0A0h-0EFh,0110h-016Fh,0190h-01EFh \
  -AABS1=020h-07Fh,0A0h-0EFh,0110h-016Fh,0190h-01EFh -ASFR0=00h-01Fh \
  -ASFR1=080h-09Fh -ASFR2=0100h-010Fh -ASFR3=0180h-018Fh \
  -ACONFIG=02007h-02007h -DCONFIG=2 -AIDLOC=02000h-02003h -DIDLOC=2 \
  -AEEDATA=00h-0FFh/02100h -peeprom_data=EEDATA -DEEDATA=2 -DCODE=2 \
  -DSTRCODE=2 -DSTRING=2 -DCONST=2 -DENTRY=2 \
  -preset_vec=00h,intentry=04h,init,end_init -ppowerup=CODE -pcinit=CODE \
  -pfunctab=ENTRY -k C:\Users\kiran\AppData\Local\Temp\xcAsp0k.o \
  dist/default/production\Microwave_oven.X.production.o 

Object code version is 3.11

Machine type is 16F877A



                Name                               Link     Load   Length Selector   Space Scale
C:\Users\kiran\AppData\Local\Temp\xcAsp0k.o
                end_init                              C        C        3        8       0
                reset_vec                             0        0        3        0       0
                config                             2007     2007        1        0       4
dist/default/production\Microwave_oven.X.production.o
                cinit                                 F        F       15        8       0
                intentry                              4        4        8        8       0
                config                             2007     2007        1        0       4
                text21                              D51      D51       37     1AA2       0
                text20                              D1B      D1B       36     1A36       0
                text19                              7CC      7CC       33      E40       0
                text18                              5B5      5B5       3D        8       0
                text17                              E87      E87       71     1D0E       0
                text16                              C83      C83        B     1906       0
                text15                              C9B      C9B       10     1936       0
                text14                              C8E      C8E        D     191C       0
                text13                              CD5      CD5       21     19AA       0
                text12                              CAB      CAB       15     1956       0
                text11                              53C      53C       79        8       0
                text10                              720      720       AC      E40       0
                text9                               CF6      CF6       25     19EC       0
                text8                               E1E      E1E       69     1C3C       0
                text7                               DC3      DC3       5B     1B86       0
                text6                               CC0      CC0       15     1980       0
                text5                               5F2      5F2        D        8       0
                text4                               201      201      1D7        8       0
                text3                                24       24      1DD        8       0
                text2                               D88      D88       3B     1B10       0
                text1                               EF8      EF8      108     1DF0       0
                maintext                            3D8      3D8      164        8       0
                cstackBANK0                          38       38       18       20       1
                cstackCOMMON                         70       70        8       70       1
                clrtext                             C7B      C7B        8     18F6       0
                bssBANK0                             20       20       18       20       1
                dataCOMMON                           7A       7A        1       70       1
                bssCOMMON                            78       78        2       70       1
                stringtext                          600      600      120        C       0
                strings                             800      800       12     1000       0
                idataCOMMON                         7FF      7FF        1      E40       0

TOTAL           Name                               Link     Load   Length     Space
        CLASS   STACK          

        CLASS   CODE           
                end_init                              C        C        3         0
                cinit                                 F        F       15         0
                intentry                              4        4        8         0
                reset_vec                             0        0        3         0
                text21                              D51      D51       37         0
                text20                              D1B      D1B       36         0
                text19                              7CC      7CC       33         0
                text18                              5B5      5B5       3D         0
                text17                              E87      E87       71         0
                text16                              C83      C83        B         0
                text15                              C9B      C9B       10         0
                text14                              C8E      C8E        D         0
                text13                              CD5      CD5       21         0
                text12                              CAB      CAB       15         0
                text11                              53C      53C       79         0
                text10                              720      720       AC         0
                text9                               CF6      CF6       25         0
                text8                               E1E      E1E       69         0
                text7                               DC3      DC3       5B         0
                text6                               CC0      CC0       15         0
                text5                               5F2      5F2        D         0
                text4                               201      201      1D7         0
                text3                                24       24      1DD         0
                text2                               D88      D88       3B         0
                text1                               EF8      EF8      108         0
                maintext                            3D8      3D8      164         0
                clrtext                             C7B      C7B        8         0
                idataCOMMON                         7FF      7FF        1         0

        CLASS   STRCODE        
                stringtext                          600      600      120         0

        CLASS   STRING         
                strings                             800      800       12         0

        CLASS   CONST          

        CLASS   ENTRY          

        CLASS   COMMON         
                cstackCOMMON                         70       70        8         1
                dataCOMMON                           7A       7A        1         1
                bssCOMMON                            78       78        2         1

        CLASS   BANK0          
                cstackBANK0                          38       38       18         1
                bssBANK0                             20       20       18         1

        CLASS   BANK1          

        CLASS   BANK2          

        CLASS   BANK3          

        CLASS   RAM            

        CLASS   ABS1           
                abs_s1                               7E       7E        2         1

        CLASS   SFR0           

        CLASS   SFR1           

        CLASS   SFR2           

        CLASS   SFR3           

        CLASS   CONFIG         
                config                             2007     2007        1         4

        CLASS   IDLOC          

        CLASS   EEDATA         



SEGMENTS        Name                           Load    Length   Top    Selector   Space  Class     Delta

                reset_vec                      000000  000003  000003         0       0  CODE        2
                intentry                       000004  0005FB  0005FF         8       0  CODE        2
                bssBANK0                       000020  000030  000050        20       1  BANK0       1
                cstackCOMMON                   000070  00000B  00007B        70       1  COMMON      1
                stringtext                     000600  000120  000720         C       0  STRCODE     2
                text10                         000720  0000E0  000800       E40       0  CODE        2
                strings                        000800  000012  000812      1000       0  STRING      2
                clrtext                        000C7B  000008  000C83      18F6       0  CODE        2
                text16                         000C83  00000B  000C8E      1906       0  CODE        2
                text14                         000C8E  00000D  000C9B      191C       0  CODE        2
                text15                         000C9B  000010  000CAB      1936       0  CODE        2
                text12                         000CAB  000015  000CC0      1956       0  CODE        2
                text6                          000CC0  000015  000CD5      1980       0  CODE        2
                text13                         000CD5  000021  000CF6      19AA       0  CODE        2
                text9                          000CF6  000025  000D1B      19EC       0  CODE        2
                text20                         000D1B  000036  000D51      1A36       0  CODE        2
                text21                         000D51  000037  000D88      1AA2       0  CODE        2
                text2                          000D88  00003B  000DC3      1B10       0  CODE        2
                text7                          000DC3  00005B  000E1E      1B86       0  CODE        2
                text8                          000E1E  000069  000E87      1C3C       0  CODE        2
                text17                         000E87  000071  000EF8      1D0E       0  CODE        2
                text1                          000EF8  000108  001000      1DF0       0  CODE        2


UNUSED ADDRESS RANGES

        Name                Unused          Largest block    Delta
        BANK0            0050-006F             20           1
        BANK1            00A0-00EF             50           1
        BANK2            0110-016F             60           1
        BANK3            0190-01EF             60           1
        CODE             0003-0003              1           2
                         05FF-05FF              1
                         0812-0C7A            469
                         1000-1FFF            800
        COMMON           007B-007D              3           1
        CONST            0003-0003              1           2
                         05FF-05FF              1
                         0812-0C7A            100
                         1000-1FFF            100
        EEDATA           2100-21FF            100           2
        ENTRY            0003-0003              1           2
                         05FF-05FF              1
                         0812-0C7A            100
                         1000-1FFF            100
        IDLOC            2000-2003              4           2
        RAM              0050-006F             20           1
                         00A0-00EF             50
                         0110-016F             60
                         0190-01EF             60
        SFR0             0000-001F             20           1
        SFR1             0080-009F             20           1
        SFR2             0100-010F             10           1
        SFR3             0180-018F             10           1
        STACK            0110-016F             60           1
        STRCODE          0003-0003              1           2
                         05FF-05FF              1
                         0812-0C7A            469
                         1000-1FFF           1000
        STRING           0003-0003              1           2
                         05FF-05FF              1
                         0812-0C7A            100
                         1000-1FFF            100

                                  Symbol Table

?___awdiv                         cstackCOMMON 0073
?___awmod                         cstackBANK0  003C
_GIE                              (abs)        005F
_PEIE                             (abs)        005E
_PORTD                            (abs)        0008
_PR2                              (abs)        0092
_RB0                              (abs)        0030
_RB1                              (abs)        0031
_RB2                              (abs)        0032
_RB3                              (abs)        0033
_RC1                              (abs)        0039
_RC2                              (abs)        003A
_RD0                              (abs)        0040
_RD1                              (abs)        0041
_RD2                              (abs)        0042
_RD3                              (abs)        0043
_RE1                              (abs)        0049
_RE2                              (abs)        004A
_T2CKPS0                          (abs)        0090
_T2CKPS1                          (abs)        0091
_TMR2IE                           (abs)        0461
_TMR2IF                           (abs)        0061
_TMR2ON                           (abs)        0092
_TRISB                            (abs)        0086
_TRISB3                           (abs)        0433
_TRISC1                           (abs)        0439
_TRISC2                           (abs)        043A
_TRISD                            (abs)        0088
_TRISE1                           (abs)        0449
_TRISE2                           (abs)        044A
__Habs1                           abs1         0000
__Hbank0                          bank0        0000
__Hbank1                          bank1        0000
__Hbank2                          bank2        0000
__Hbank3                          bank3        0000
__HbssBANK0                       bssBANK0     0000
__HbssCOMMON                      bssCOMMON    0000
__Hcinit                          cinit        0024
__Hclrtext                        clrtext      0000
__Hcode                           code         0000
__Hcommon                         common       0000
__Hconfig                         config       2008
__HcstackBANK0                    cstackBANK0  0000
__HcstackCOMMON                   cstackCOMMON 0000
__HdataCOMMON                     dataCOMMON   0000
__Heeprom_data                    eeprom_data  0000
__Hend_init                       end_init     000F
__Hfunctab                        functab      0000
__HidataCOMMON                    idataCOMMON  0000
__Hinit                           init         000C
__Hintentry                       intentry     000C
__Hmaintext                       maintext     0000
__Hpowerup                        powerup      0000
__Hram                            ram          0000
__Hreset_vec                      reset_vec    0003
__Hsfr0                           sfr0         0000
__Hsfr1                           sfr1         0000
__Hsfr2                           sfr2         0000
__Hsfr3                           sfr3         0000
__Hspace_0                        (abs)        1000
__Hspace_1                        (abs)        007B
__Hspace_2                        (abs)        0000
__Hspace_3                        (abs)        0000
__Hspace_4                        (abs)        400F
__Hstack                          stack        0000
__Hstrings                        strings      0000
__Hstringtext                     stringtext   0000
__Htext                           text         0000
__Labs1                           abs1         0000
__Lbank0                          bank0        0000
__Lbank1                          bank1        0000
__Lbank2                          bank2        0000
__Lbank3                          bank3        0000
__LbssBANK0                       bssBANK0     0000
__LbssCOMMON                      bssCOMMON    0000
__Lcinit                          cinit        000F
__Lclrtext                        clrtext      0000
__Lcode                           code         0000
__Lcommon                         common       0000
__Lconfig                         config       0000
__LcstackBANK0                    cstackBANK0  0000
__LcstackCOMMON                   cstackCOMMON 0000
__LdataCOMMON                     dataCOMMON   0000
__Leeprom_data                    eeprom_data  0000
__Lend_init                       end_init     000C
__Lfunctab                        functab      0000
__LidataCOMMON                    idataCOMMON  0000
__Linit                           init         000C
__Lintentry                       intentry     0004
__Lmaintext                       maintext     0000
__Lpowerup                        powerup      0000
__Lram                            ram          0000
__Lreset_vec                      reset_vec    0000
__Lsfr0                           sfr0         0000
__Lsfr1                           sfr1         0000
__Lsfr2                           sfr2         0000
__Lsfr3                           sfr3         0000
__Lspace_0                        (abs)        0000
__Lspace_1                        (abs)        0000
__Lspace_2                        (abs)        0000
__Lspace_3                        (abs)        0000
__Lspace_4                        (abs)        0000
__Lstack                          stack        0000
__Lstrings                        strings      0000
__Lstringtext                     stringtext   0000
__Ltext                           text         0000
__S0                              (abs)        1000
__S1                              (abs)        007B
__S2                              (abs)        0000
__S3                              (abs)        0000
___awdiv                          text8        0E1E
___awdiv@counter                  cstackBANK0  0038
___awdiv@dividend                 cstackCOMMON 0075
___awdiv@divisor                  cstackCOMMON 0073
___awdiv@quotient                 cstackBANK0  003A
___awdiv@sign                     cstackBANK0  0039
___awmod                          text7        0DC3
___awmod@counter                  cstackBANK0  0041
___awmod@dividend                 cstackBANK0  003E
___awmod@divisor                  cstackBANK0  003C
___awmod@sign                     cstackBANK0  0042
___bmul                           text6        0CC0
___bmul@multiplicand              cstackCOMMON 0073
___bmul@multiplier                cstackCOMMON 0076
___bmul@product                   cstackCOMMON 0075
___int_sp                         stack        0000
___latbits                        (abs)        0002
___sp                             stack        0000
___stackhi                        (abs)        0000
___stacklo                        (abs)        0000
__end_of___awdiv                  text8        0E87
__end_of___awmod                  text7        0E1E
__end_of___bmul                   text6        0CD5
__end_of__initialization          cinit        0020
__end_of__stringtab               strings      0812
__end_of_clcd_print               text19       07FF
__end_of_clcd_putch               text12       0CC0
__end_of_clcd_write               text20       0D51
__end_of_clear_clcd               text5        05FF
__end_of_cooking_mode_display     text18       05F2
__end_of_door_status_check        text2        0DC3
__end_of_init_clcd                text16       0C8E
__end_of_init_config              text13       0CF6
__end_of_init_display_controller  text17       0EF8
__end_of_init_matrix_keypad       text15       0CAB
__end_of_init_timer2              text14       0C9B
__end_of_isr                      text21       0D88
__end_of_main                     maintext     053C
__end_of_power_on_screen          text11       05B5
__end_of_read_matrix_keypad       text9        0D1B
__end_of_scan_keypad              text10       07CC
__end_of_set_temp                 text4        03D8
__end_of_set_time                 text3        0201
__end_of_time_display_screen      text1        1000
__initialization                  cinit        000F
__pbssBANK0                       bssBANK0     0020
__pbssCOMMON                      bssCOMMON    0078
__pcstackBANK0                    cstackBANK0  0038
__pcstackCOMMON                   cstackCOMMON 0070
__pdataCOMMON                     dataCOMMON   007A
__pidataCOMMON                    idataCOMMON  07FF
__pintentry                       intentry     0004
__pmaintext                       maintext     03D8
__pstrings                        strings      0800
__pstringtext                     stringtext   0600
__ptext1                          text1        0EF8
__ptext10                         text10       0720
__ptext11                         text11       053C
__ptext12                         text12       0CAB
__ptext13                         text13       0CD5
__ptext14                         text14       0C8E
__ptext15                         text15       0C9B
__ptext16                         text16       0C83
__ptext17                         text17       0E87
__ptext18                         text18       05B5
__ptext19                         text19       07CC
__ptext2                          text2        0D88
__ptext20                         text20       0D1B
__ptext21                         text21       0D51
__ptext3                          text3        0024
__ptext4                          text4        0201
__ptext5                          text5        05F2
__ptext6                          text6        0CC0
__ptext7                          text7        0DC3
__ptext8                          text8        0E1E
__ptext9                          text9        0CF6
__size_of___awdiv                 (abs)        0000
__size_of___awmod                 (abs)        0000
__size_of___bmul                  (abs)        0000
__size_of_clcd_print              (abs)        0000
__size_of_clcd_putch              (abs)        0000
__size_of_clcd_write              (abs)        0000
__size_of_clear_clcd              (abs)        0000
__size_of_cooking_mode_display    (abs)        0000
__size_of_door_status_check       (abs)        0000
__size_of_init_clcd               (abs)        0000
__size_of_init_config             (abs)        0000
__size_of_init_display_controller (abs)        0000
__size_of_init_matrix_keypad      (abs)        0000
__size_of_init_timer2             (abs)        0000
__size_of_isr                     (abs)        0000
__size_of_main                    (abs)        0000
__size_of_power_on_screen         (abs)        0000
__size_of_read_matrix_keypad      (abs)        0000
__size_of_scan_keypad             (abs)        0000
__size_of_set_temp                (abs)        0000
__size_of_set_time                (abs)        0000
__size_of_time_display_screen     (abs)        0000
__stringbase                      strings      0812
__stringtab                       strings      0800
_clcd_print                       text19       07CC
_clcd_putch                       text12       0CAB
_clcd_write                       text20       0D1B
_clear_clcd                       text5        05F2
_conv_mode_op                     bssBANK0     002E
_cooking_mode_display             text18       05B5
_door_status_check                text2        0D88
_init_clcd                        text16       0C83
_init_config                      text13       0CD5
_init_display_controller          text17       0E87
_init_matrix_keypad               text15       0C9B
_init_timer2                      text14       0C8E
_isr                              text21       0D51
_main                             maintext     03D8
_min                              bssBANK0     0032
_nRBPU                            (abs)        040F
_operation_mode                   bssBANK0     0030
_power_on_screen                  text11       053C
_read_matrix_keypad               text9        0CF6
_reset_flag                       bssBANK0     002F
_scan_keypad                      text10       0720
_sec                              bssBANK0     0033
_set_temp                         text4        0201
_set_time                         text3        0024
_temp                             bssBANK0     0031
_time_display_screen              text1        0EF8
btemp                             (abs)        007E
clcd_print@addr                   cstackBANK0  003A
clcd_print@str                    cstackBANK0  0038
clcd_putch@addr                   cstackBANK0  0043
clcd_putch@data                   cstackBANK0  0044
clcd_write@byte                   cstackCOMMON 0076
clcd_write@mode                   cstackCOMMON 0073
clear_ram0                        clrtext      0C7B
end_of_initialization             cinit        0020
interrupt_function                intentry     0004
intlevel0                         functab      0000
intlevel1                         functab      0000
intlevel2                         functab      0000
intlevel3                         functab      0000
intlevel4                         functab      0000
intlevel5                         functab      0000
isr@count                         bssCOMMON    0078
main@key                          cstackBANK0  004F
power_on_screen@i                 cstackBANK0  0048
power_on_screen@i_117             cstackBANK0  004A
read_matrix_keypad@key            cstackCOMMON 0077
read_matrix_keypad@mode           cstackCOMMON 0076
read_matrix_keypad@once           dataCOMMON   007A
reset_vec                         reset_vec    0000
saved_w                           (abs)        007E
scan_keypad@i                     cstackCOMMON 0073
set_temp@blink                    bssBANK0     0022
set_temp@key                      cstackBANK0  0048
set_temp@key_count                bssBANK0     0020
set_temp@temp_arr                 bssBANK0     0034
set_temp@wait                     bssBANK0     0024
set_time@blink                    bssBANK0     002A
set_time@blink_pos                bssBANK0     0026
set_time@key                      cstackBANK0  0048
set_time@key_count                bssBANK0     0028
set_time@wait                     bssBANK0     002C
start                             init         000C
start_initialization              cinit        000F
wtemp0                            (abs)        007E


MODULE INFORMATION

Module		Function		Class		Link	Load	Size
C:\Program Files\Microchip\xc8\v2.32\pic\sources\c90\common\Umul8.c
		___bmul        		CODE           	0CC0	0000	21

C:\Program Files\Microchip\xc8\v2.32\pic\sources\c90\common\Umul8.c estimated size: 21

timers.c
		_init_timer2   		CODE           	0C8E	0000	13

timers.c estimated size: 13

matrix_keypad.c
		_init_matrix_keypad		CODE           	0C9B	0000	16
		_read_matrix_keypad		CODE           	0CF6	0000	37
		_scan_keypad   		CODE           	0720	0000	172

matrix_keypad.c estimated size: 225

C:\Program Files\Microchip\xc8\v2.32\pic\sources\c90\common\awmod.c
		___awmod       		CODE           	0DC3	0000	91

C:\Program Files\Microchip\xc8\v2.32\pic\sources\c90\common\awmod.c estimated size: 91

isr.c
		_isr           		CODE           	0D51	0000	55

isr.c estimated size: 55

shared
		__stringtab    		STRING         	0800	0000	18
		__initialization		CODE           	000F	0000	17

shared estimated size: 35

clcd.c
		_clcd_write    		CODE           	0D1B	0000	54
		_clcd_print    		CODE           	07CC	0000	51
		_clcd_putch    		CODE           	0CAB	0000	21
		_init_display_controller		CODE           	0E87	0000	113
		_init_clcd     		CODE           	0C83	0000	11

clcd.c estimated size: 250

C:\Program Files\Microchip\xc8\v2.32\pic\sources\c90\common\awdiv.c
		___awdiv       		CODE           	0E1E	0000	105

C:\Program Files\Microchip\xc8\v2.32\pic\sources\c90\common\awdiv.c estimated size: 105

main.c
		_door_status_check		CODE           	0D88	0000	59
		_time_display_screen		CODE           	0EF8	0000	264
		_main          		CODE           	03D8	0000	356
		_set_temp      		CODE           	0201	0000	471
		_cooking_mode_display		CODE           	05B5	0000	61
		_clear_clcd    		CODE           	05F2	0000	13
		_power_on_screen		CODE           	053C	0000	121
		_set_time      		CODE           	0024	0000	477
		_init_config   		CODE           	0CD5	0000	33

main.c estimated size: 1855

